model loaded 31683 ms
embedded 1424 categories in 40269 ms

=== Krier Foods (krierfoods.com) chunks=67 embed 2021ms
TOP 6
  0.854 [Refrigerated Cold Brew] (Electrical Maintenance Technic) In the Quality Assurance lab, all the commonly accepted beverage parameters are tested – brix, pH, color, turb
  0.854 [Pickled/Marinated Caper] (EXPERIENCE OUR "CAN-DO" ATTITU) At Krier Foods, we’re not just crafting beverages; we’re creating liquid masterpieces that delight taste buds 
  0.851 [Yeast] (EXPERIENCE OUR "CAN-DO" ATTITU) * Operate within safety and quality standards, good manufacturing practices (GMP’s) and adherence to job speci
  0.850 [Refrigerated Pickled/Marinated Capers] (More on Canning) * End Size 200/Body Diameter 202 * SQF Food Safety Code Certification * Cold-Fill Carbonated * Carbonated Tunn
  0.849 [Kombucha Starter] (EXPERIENCE OUR "CAN-DO" ATTITU) * **Master of the Lab**: Get hands-on with cutting-edge laboratory equipment to perform precision testing. You
  0.846 [Xanthan Gum] (EXPERIENCE OUR "CAN-DO" ATTITU) * Operate within safety and quality standards, good manufacturing practices (GMP’s) and adherence to job speci
BOTTOM 4
  0.802 [Ready To Drink Daiquiri] (Ana) Have questions? We’re here to help. You can also contact one of our co-packing experts by phone at (920) 994-2
  0.802 [Bean] (**What We Need:**) **Overview:** Under the direction of the CEO, the Chief Financial Officer/Director of Finance directs the fina
  0.801 [Functional Beverage] (FULLFILMENT) I enjoy working at Krier Beverage because of the many opportunities I’ve had to grow and develop within the co
  0.800 [Ready To Drink Mimosa] (There for our community) Krier Beverage is located in Random Lake, WI, a small, rural town in southern Sheboygan County. Located along 
score p10/p50/p90 0.808 0.828 0.845

=== Brynwood Partners (brynwoodpartners.com) chunks=304 embed 8690ms
TOP 6
  0.885 [Refrigerated Blue Cheese Dip] (Brynwood Partners Agrees to Ac) **Marie’s** is a category leader specializing in the production and distribution of premium salad dressings, d
  0.874 [Energy Bar] (Brynwood Partners Divests Bala) **About Balance Bar Company:**Founded in 1992 and headquartered in Valhalla, NY, Balance Bar, one of America’s
  0.861 [Macadamia] (Brynwood Partners VI L.P. Acqu) * **Back to Nature Foods Company, LLC** (Brynwood VI portfolio company), a marketer of natural food products i
  0.861 [Chocolate Pretzel] (Brynwood Partners V L.P. Acqui) "Turtles® is a wonderful brand and an indulgent chocolate treat," said Mr. Clarke. "The combination of Turtles
  0.860 [Lemonade] (American Beverage Company Acqu) Chicago-based Poppilu is the original line of bold and tangy kids' lemonade. Sold in pouches, Poppilu is craft
  0.855 [Macadamia] (Brynwood Partners VII L.P. Acq) * **Back to Nature Foods Company, LLC** (Brynwood VI portfolio company) a marketer of Back to Nature natural f
BOTTOM 4
  0.761 [Pickled/Marinated Caper] (Brynwood Partners Announces Cl) Greenwich , CT - July 26, 2005 - Brynwood Partners, a private equity firm based in Greenwich , CT, is pleased 
  0.761 [Ready To Drink Coffee] (Brynwood Partners VI L.P. to A) About Brynwood Partners: Founded in 1984, Brynwood Partners is an operationally-focused private equity fund th
  0.758 [Premixed Formula] (Brynwood Partners Completes th) Brynwood Partners is actively pursuing new platform investments for Brynwood VIII and will continue to work to
  0.756 [Half And Half] (Brynwood Partners Completes th) Brynwood Partners | January 22 2018 Press Alt+1 for screen-reader mode, Alt+0 to cancelAccessibility Screen-Re
score p10/p50/p90 0.778 0.810 0.840

=== anona GmbH (anona.de) chunks=233 embed 8214ms
TOP 6
  0.837 [Energy Shot] (Softeis vegan) Liquids von anona sorgen für eine schnelle Energiezufuhr und einen nachhaltigen Flüssigkeitsausgleich bei Bewe
  0.833 [Protein Clusters] (Softeis vegan) Sie sehen gerade einen Platzhalterinhalt von **Google Maps**. Um auf den eigentlichen Inhalt zuzugreifen, klic
  0.831 [Powder Supplements] (Softeis vegan) Gesunde Ernährung ist in. Nutritions kommen an. Fitness-, Sport- und Lifestyle-Nahrung maximieren Leistung und
  0.825 [Sports Drink] (Softeis vegan) Produkte Pulver | anona die Mischung macht's Ob Drinks, Shakes oder Suppen: Entdecken Sie die Vielfalt unserer
  0.822 [Energy Shot] (Softeis vegan) Tel.: +49 34381 84-718 Tel.: +49 175 6365207 Tel.: +49 34381 84-775 Tel.: +49 34381 84-9549 Der Nahrungsmacher
  0.822 [Bean] (Arbeitsschutztag bei anona) **Gestalten und Optimieren:** Du überprüfst, analysierst und verbesserst unsere Produktionsprozesse in den Ber
BOTTOM 4
  0.729 [Frozen Korma] (Echte Partnerschaft) Bereits da war der 41-Jährige fest entschlossen, den Ironman auf Hawaii ein zweites Mal zu meistern – genauso 
  0.727 [Ready To Drink Mai Tai] (Eiserne Disziplin im Training) Mit finanzieller Unterstützung von Sponsoren, darunter auch anona, konnte er nach Hawaii fliegen und am 26. Ok
  0.727 [Premixed Formula] (Was macht eigentlich ein Azubi) Die anona GmbH wahrt die datenschutzrechtlichen Interessen der hinweisgebenden Personen sowie aller Personen ü
  0.726 [Premixed Formula] (Echte Partnerschaft) Parallel dazu erfolgte die Einsatzplanung für den Tag. 64 Mitarbeiter und Mitarbeiterinnen waren bereit, die S
score p10/p50/p90 0.752 0.783 0.814

=== Carolina Beverage Group, LLC (carolinabeveragegroup.com) chunks=31 embed 1039ms
TOP 6
  0.861 [Ready To Drink Tea] (Click here to view all MN job ) We are an Equal Opportunity Employer. Check us out on Facebook! ! Check us out on LinkedIn! ! Contract Packagi
  0.859 [Frozen Bowl] (Minnesota) As a leader in the industry, our goal is to stay ahead of all Quality Assurance and Food Safety programs. To d
  0.851 [Blue Cheese] (PACKAGING SOLUTIONS) We use Google AdSense Advertising on our website. Google, as a third-party vendor, uses cookies to serve ads o
  0.851 [Parsley] (PACKAGING SOLUTIONS) We do not sell, trade, or otherwise transfer to outside parties your Personally Identifiable Information unles
  0.848 [Ready To Drink Tea] (DISTRIBUTION CENTER) Our capabilities include the production of a variety of non-alcoholic carbonated and non-carbonated drinks inc
  0.848 [Xanthan Gum] (Minnesota) We are fully compliant with all federal and state food safety regulations and processes and follow Good Manufa
BOTTOM 4
  0.805 [Pancetta] (PACKAGING SOLUTIONS) The CAN-SPAM Act is a law that sets the rules for commercial email, establishes requirements for commercial me
  0.805 [Cbd Beverage] (Click here to view all MN job ) Our employees genuinely enjoy working for Carolina Beverage Group. In addition to fair wages and ample opportu
  0.803 [Cbd Beverage] (DISTRIBUTION CENTER) The health and safety of our employees is our number one priority at Carolina Beverage Group. Our employees ar
  0.797 [Shelf Stable Hemp Milk] (North Carolina) With 600,000 square feet of warehousing at our flagship location in North Carolina, over 300,000 square feet i
score p10/p50/p90 0.805 0.828 0.851
QUERY cold brew coffee -> Refrigerated Cold Brew 0.89 | Refrigerated Coffee Concentrate 0.86 | Ready To Drink Coffee 0.85 | Coffee Alternative 0.84 | Refrigerated Iced Tea 0.84
QUERY kombucha -> Kombucha 0.89 | Kombucha Starter 0.89 | Hard Kombucha 0.87 | Superfood Beverage 0.83 | Immunity Shot 0.83
QUERY Kaffeebohnen -> Coffee Beans 0.83 | Ground Coffee 0.83 | Coffee Alternative 0.81 | Refrigerated Cafe Mocha 0.81 | Ready To Drink Coffee 0.80
QUERY gummy vitamins -> Gummies 0.88 | Gummy Candy 0.86 | Xanthan Gum 0.84 | Immunity Shot 0.83 | Toddler Biscuits 0.83
QUERY contract beverage filling -> Filled Candy 0.82 | Ready To Drink Cosmopolitan 0.82 | Ready To Drink Pina Colada 0.82 | Ready To Drink Mai Tai 0.82 | Ready To Drink Daiquiri 0.82
QUERY peanut butter pretzels -> Filled Pretzel 0.86 | Peanut Butter 0.86 | Classic Pretzel Twist 0.85 | Peanut Butter Cups 0.85 | Pretzel Sticks 0.85
