
=== Krier Foods by contrast (n=67)
TOP 5
  contrast=0.064 cat=0.84 prod=0.84 junk=0.78 dens=0.11 (BLENDING & MIXING) Krier Beverage’s aluminum can beverage contract packing capabilities fulfill productions f
  contrast=0.061 cat=0.84 prod=0.82 junk=0.77 dens=0.09 (CANNING) * Variable speed sheer liquefiers for blending powders * Ability to pump concentrates fr
  contrast=0.048 cat=0.83 prod=0.84 junk=0.79 dens=0.07 (FULLFILMENT) Download File: https://krierbeverage.com/wp-content/uploads/2024/11/CANCONVEYOR.mp4 Krier 
  contrast=0.048 cat=0.83 prod=0.84 junk=0.79 dens=0.04 (FULFILLMENT) Krier Beverage has four aluminum can lines that allow for maximum canning operation produc
  contrast=0.048 cat=0.83 prod=0.81 junk=0.79 dens=0.09 (You'll be working with) EXCEEDING CUSTOMER EXPECTATIONS FOR OVER 110 YEARS =======================================
BOTTOM 3
  contrast=-0.034 cat=0.82 prod=0.80 junk=0.85 dens=0.02 (Jerri) Krier Beverage is an equal opportunity employer and considers qualified applicants for emp
  contrast=-0.034 cat=0.84 prod=0.85 junk=0.88 dens=0.01 (EXPERIENCE OUR "CAN-DO) * You are serious about delivering results and take pride in a proven track record in deli
  contrast=-0.034 cat=0.84 prod=0.84 junk=0.88 dens=0.04 (EXPERIENCE OUR "CAN-DO) * Ability to demonstrate a high sense of urgency and be proactive in addressing problems a

=== Krier Foods by dens (n=67)
TOP 5
  contrast=0.064 cat=0.84 prod=0.84 junk=0.78 dens=0.11 (BLENDING & MIXING) Krier Beverage’s aluminum can beverage contract packing capabilities fulfill productions f
  contrast=0.037 cat=0.83 prod=0.83 junk=0.79 dens=0.09 (Quality Assurance & Fo) Krier Beverage is able to fulfill beverage contracts at a highly efficient rate with our t
  contrast=0.048 cat=0.83 prod=0.81 junk=0.79 dens=0.09 (You'll be working with) EXCEEDING CUSTOMER EXPECTATIONS FOR OVER 110 YEARS =======================================
  contrast=0.061 cat=0.84 prod=0.82 junk=0.77 dens=0.09 (CANNING) * Variable speed sheer liquefiers for blending powders * Ability to pump concentrates fr
  contrast=0.013 cat=0.83 prod=0.81 junk=0.82 dens=0.08 (EXPERIENCE OUR "CAN-DO) * Monthly incentive bonus if we hit our can goal Blender – 3rd Shift | Krier Beverage Blen
BOTTOM 3
  contrast=-0.008 cat=0.82 prod=0.85 junk=0.86 dens=0.00 (EXPERIENCE OUR "CAN-DO) * Responsible for enforcing and following safety and quality standards, good manufacturing
  contrast=0.014 cat=0.84 prod=0.86 junk=0.84 dens=0.00 (EXPERIENCE OUR "CAN-DO) * Follow all customer standards/specifications, quality requirements and Federal, State an
  contrast=-0.033 cat=0.80 prod=0.79 junk=0.83 dens=0.00 (**What We Need:**) **Overview:** Under the direction of the CEO, the Chief Financial Officer/Director of Fina

=== Carolina Beverage Group, LLC by contrast (n=31)
TOP 5
  contrast=0.073 cat=0.86 prod=0.84 junk=0.79 dens=0.04 (Click here to view all) We are an Equal Opportunity Employer. Check us out on Facebook! ! Check us out on LinkedIn
  contrast=0.062 cat=0.83 prod=0.83 junk=0.77 dens=0.07 (Finished Case Options) Fill Level (fluid ounces): 24 Fill Level (milliliters): 709 Diameter (in inches): 3 Height
  contrast=0.060 cat=0.84 prod=0.82 junk=0.78 dens=0.16 (24 oz Can) Energy, Juice-Based, Functional, Flavored Waters, Dietary Supplements !8.4 oz Can #### 8.4
  contrast=0.054 cat=0.84 prod=0.83 junk=0.78 dens=0.04 (8 oz Can) We offer a wide range of packaging solutions to meet the evolving needs of the ready-to-dr
  contrast=0.046 cat=0.85 prod=0.83 junk=0.80 dens=0.05 (DISTRIBUTION CENTER) Our capabilities include the production of a variety of non-alcoholic carbonated and non-c
BOTTOM 3
  contrast=-0.031 cat=0.85 prod=0.83 junk=0.88 dens=0.07 (PACKAGING SOLUTIONS) We use Google AdSense Advertising on our website. Google, as a third-party vendor, uses co
  contrast=-0.043 cat=0.82 prod=0.80 junk=0.87 dens=0.00 (PACKAGING SOLUTIONS) Users can set preferences for how Google advertises to you using the Google Ad Settings pa
  contrast=-0.055 cat=0.83 prod=0.82 junk=0.88 dens=0.03 (PACKAGING SOLUTIONS) This privacy policy has been compiled to better serve those who are concerned with how the

=== Carolina Beverage Group, LLC by dens (n=31)
TOP 5
  contrast=0.060 cat=0.84 prod=0.82 junk=0.78 dens=0.16 (24 oz Can) Energy, Juice-Based, Functional, Flavored Waters, Dietary Supplements !8.4 oz Can #### 8.4
  contrast=0.020 cat=0.84 prod=0.84 junk=0.82 dens=0.10 (Finished Case Options) We are the go-to source for high-quality, innovative contract beverage production in the S
  contrast=0.027 cat=0.82 prod=0.80 junk=0.79 dens=0.08 (PRODUCTION AND WAREHOU) With roots dating back to 1874, our recent investment in Minnesota brought Carolina Bevera
  contrast=0.043 cat=0.84 prod=0.83 junk=0.79 dens=0.08 (SPECIALTY PROCESSES) We go beyond traditional manufacturers to offer precision blending and specialty processes
  contrast=-0.031 cat=0.85 prod=0.83 junk=0.88 dens=0.07 (PACKAGING SOLUTIONS) We use Google AdSense Advertising on our website. Google, as a third-party vendor, uses co
BOTTOM 3
  contrast=-0.011 cat=0.80 prod=0.81 junk=0.83 dens=0.01 (DISTRIBUTION CENTER) The health and safety of our employees is our number one priority at Carolina Beverage Gro
  contrast=-0.026 cat=0.81 prod=0.81 junk=0.83 dens=0.01 (PACKAGING SOLUTIONS) The CAN-SPAM Act is a law that sets the rules for commercial email, establishes requiremen
  contrast=-0.043 cat=0.82 prod=0.80 junk=0.87 dens=0.00 (PACKAGING SOLUTIONS) Users can set preferences for how Google advertises to you using the Google Ad Settings pa

=== anona GmbH by contrast (n=233)
TOP 5
  contrast=0.058 cat=0.80 prod=0.83 junk=0.77 dens=0.00 (Softeis vegan) Oblongtablette, groß XL 25 x 17 mm Individuelle Mischung Exklusiv für Ihr Private Label en
  contrast=0.052 cat=0.84 prod=0.81 junk=0.78 dens=0.03 (Softeis vegan) Liquids von anona sorgen für eine schnelle Energiezufuhr und einen nachhaltigen Flüssigkei
  contrast=0.048 cat=0.81 prod=0.78 junk=0.76 dens=0.03 (Milchbasen) | 11434 | **Minze-Limette**<br><br>Erfrischende Minze trifft auf spritzige <br>Limette – e
  contrast=0.045 cat=0.83 prod=0.80 junk=0.78 dens=0.03 (Softeis vegan) Produkte Pulver | anona die Mischung macht's Ob Drinks, Shakes oder Suppen: Entdecken Sie 
  contrast=0.040 cat=0.81 prod=0.84 junk=0.80 dens=0.00 (Arbeitsschutztag bei a) Wir entwickeln und produzieren Fitness-, Sport- und Lifestylenahrung – individuell für Ihr
BOTTOM 3
  contrast=-0.049 cat=0.77 prod=0.79 junk=0.84 dens=0.07 (**3\. Datenerfassung a) Cookies haben verschiedene Funktionen. Zahlreiche Cookies sind technisch notwendig, da bes
  contrast=-0.054 cat=0.78 prod=0.82 junk=0.88 dens=0.00 (**8\. Eigene Dienste**) Sofern die Bewerbung erfolgreich ist, werden die von Ihnen eingereichten Daten auf Grundla
  contrast=-0.058 cat=0.76 prod=0.83 junk=0.89 dens=0.00 (**8\. Eigene Dienste**) Wir bieten Ihnen die Möglichkeit, sich bei uns zu bewerben (z. B. per E-Mail, postalisch o

=== anona GmbH by dens (n=233)
TOP 5
  contrast=-0.003 cat=0.80 prod=0.84 junk=0.84 dens=0.10 (**3\. Datenerfassung a) Unsere Internetseiten verwenden so genannte „Cookies“. Cookies sind kleine Datenpakete und
  contrast=-0.049 cat=0.77 prod=0.79 junk=0.84 dens=0.07 (**3\. Datenerfassung a) Cookies haben verschiedene Funktionen. Zahlreiche Cookies sind technisch notwendig, da bes
  contrast=-0.009 cat=0.79 prod=0.82 junk=0.83 dens=0.07 (**3\. Datenerfassung a) Sie können Ihren Browser so einstellen, dass Sie über das Setzen von Cookies informiert we
  contrast=-0.000 cat=0.80 prod=0.83 junk=0.83 dens=0.06 (**3\. Datenerfassung a) Wenn Sie unsere Website betreten, wird ein Borlabs-Cookie in Ihrem Browser gespeichert, in
  contrast=0.024 cat=0.83 prod=0.83 junk=0.81 dens=0.05 (Softeis vegan) Sie sehen gerade einen Platzhalterinhalt von **Google Maps**. Um auf den eigentlichen Inha
BOTTOM 3
  contrast=-0.014 cat=0.77 prod=0.79 junk=0.81 dens=0.00 (Große Herzlichkeit der) Wir bilden dich zu einer Fachkraft der Zukunft aus – während und nach deiner Ausbildung. N
  contrast=-0.015 cat=0.77 prod=0.80 junk=0.82 dens=0.00 (Große Herzlichkeit der) Engagierte Ausbilder Unsere Ausbilder haben Freude am Lehren. Sie fordern dich und fördern
  contrast=0.004 cat=0.80 prod=0.83 junk=0.83 dens=0.00 (Große Herzlichkeit der) FITNESS, SPORT UND LIFESTYLE. Mit Freude und Überzeugung entwickeln und produzieren wir Na

=== Needl by contrast (n=300)
TOP 5
  contrast=0.147 cat=0.90 prod=0.76 junk=0.75 dens=0.14 (Website) Burrata can be described as a jewel of the Apulian dairy tradition. Its round shape and it
  contrast=0.134 cat=0.88 prod=0.79 junk=0.75 dens=0.16 (Website) Smoke-dried beef by henri van de bilt vleeswaren is made of selected cuts of beef that hav
  contrast=0.118 cat=0.88 prod=0.75 junk=0.76 dens=0.08 (Website) Emmentaler Switzerland owes its exceptional quality to its tradition and origin. Gentle an
  contrast=0.112 cat=0.87 prod=0.79 junk=0.76 dens=0.20 (Product details) Salmon fillet marinated in sauce - Canned Fish - Needl by Wabel !fbpx Skip to the content 
  contrast=0.112 cat=0.87 prod=0.79 junk=0.76 dens=0.25 (Website) Search results for Products matching term "soft-drinks" - Page 1 of 34 - Needl by Wabel !A
BOTTOM 3
  contrast=-0.018 cat=0.83 prod=0.82 junk=0.85 dens=0.05 (Company type !) Around **159** products that are offered in its stores are **locally sourced.** Concerning
  contrast=-0.020 cat=0.80 prod=0.80 junk=0.82 dens=0.01 (Company type !) Use of the needl Website shall not confer on you any intellectual-property right relating 
  contrast=-0.030 cat=0.81 prod=0.80 junk=0.84 dens=0.02 (Company type !) In accordance with the French “Computers and Civil Liberties” Act of January 6, 1978, & th

=== Needl by dens (n=300)
TOP 5
  contrast=0.109 cat=0.88 prod=0.78 junk=0.77 dens=0.46 (Product attributes) Multigrain organic cereals bars with chocolate - Cereal bars - Needl by Wabel Sweet Grocer
  contrast=0.075 cat=0.85 prod=0.79 junk=0.78 dens=0.46 (Website) 5 minutes in microwave. !Sliced turkey breast Sliced turkey breast Only low fat, tender tu
  contrast=0.072 cat=0.86 prod=0.77 junk=0.79 dens=0.38 (Bellavita Risotto with) ##### Bellavita Risotto with Porcini mushrooms 300g Frozen Vegetable based dishes !Bellavi
  contrast=0.046 cat=0.87 prod=0.83 junk=0.83 dens=0.37 (Connect with verified ) Types Of Products Available : 1. Mac Corn 2. Sunny Food 3. Linou 4. Cebon 5. Fruit Juice !
  contrast=0.084 cat=0.88 prod=0.81 junk=0.80 dens=0.35 (Connect with verified ) Focusing on business to business Interfood is able to offer base powders of the highest qu
BOTTOM 3
  contrast=0.005 cat=0.82 prod=0.81 junk=0.81 dens=0.00 (Company type !) The needl Website is a global professional social network, available in several languages 
  contrast=0.008 cat=0.82 prod=0.80 junk=0.82 dens=0.00 (Let's discuss your nee) Dedicated account manager to to help you get onboard and share the best tips for success. 
  contrast=0.007 cat=0.82 prod=0.85 junk=0.84 dens=0.00 (Most frequent question) Our platform provides an easy-to-use dashboard to help you customize and update your produ
